// Vitest Snapshot v1, https://vitest.dev/guide/snapshot.html

exports[`TimeslotPreview > renders correctly 1`] = `
"<div data-v-200da138=\\"\\">
  <div data-v-200da138=\\"\\" class=\\"v-card v-theme--light v-card--density-default v-card--variant-elevated\\">
    <!---->
    <div class=\\"v-card__loader\\">
      <div class=\\"v-progress-linear v-theme--light\\" style=\\"top: 0px; height: 0px; --v-progress-linear-height: 2px; left: 50%; transform: translateX(-50%);\\" role=\\"progressbar\\" aria-hidden=\\"true\\" aria-valuemin=\\"0\\" aria-valuemax=\\"100\\">
        <!---->
        <div class=\\"v-progress-linear__background\\" style=\\"width: 100%;\\"></div>
        <transition-stub name=\\"fade-transition\\" appear=\\"false\\" persisted=\\"false\\" css=\\"true\\">
          <div class=\\"v-progress-linear__indeterminate\\">
            <div class=\\"v-progress-linear__indeterminate long\\"></div>
            <div class=\\"v-progress-linear__indeterminate short\\"></div>
          </div>
        </transition-stub>
        <!---->
      </div>
    </div>
    <!---->
    <!---->
    <div data-v-200da138=\\"\\" class=\\"flex-horizontal\\">
      <div data-v-19720537=\\"\\" data-v-200da138=\\"\\" class=\\"flex-vertical justify-space-between\\">
        <div data-v-19720537=\\"\\" class=\\"flex-horizontal\\"><i data-v-19720537=\\"\\" class=\\"mdi-brain mdi v-icon notranslate v-theme--light v-icon--size-default\\" aria-hidden=\\"true\\" id=\\"i-mental\\"></i>0/1 mental EP </div>
        <div data-v-19720537=\\"\\" class=\\"flex-horizontal\\"><i data-v-19720537=\\"\\" class=\\"mdi-account-hard-hat mdi v-icon notranslate v-theme--light v-icon--size-default\\" aria-hidden=\\"true\\" id=\\"i-physical\\"></i>1/2 physical EP </div>
        <div data-v-19720537=\\"\\" class=\\"flex-horizontal\\"><i data-v-19720537=\\"\\" class=\\"mdi-timer mdi v-icon notranslate v-theme--light v-icon--size-default\\" aria-hidden=\\"true\\" id=\\"i-time\\"></i>1h/1dy</div>
      </div>
      <div data-v-200da138=\\"\\" id=\\"timeslot-preview-card-actions\\" class=\\"flex-vertical justify-space-between\\"><span data-v-200da138=\\"\\" class=\\"v-chip v-theme--light v-chip--density-compact v-chip--size-default v-chip--variant-tonal\\" draggable=\\"false\\"><!----><span class=\\"v-chip__underlay\\"></span>
        <!---->
        <!---->id
        <!---->
        <!----></span><button data-v-200da138=\\"\\" type=\\"button\\" class=\\"v-btn v-btn--flat v-btn--icon v-theme--light v-btn--density-compact v-btn--size-default v-btn--variant-elevated\\" aria-label=\\"edit\\"><span class=\\"v-btn__overlay\\"></span><span class=\\"v-btn__underlay\\"></span>
          <!----><span class=\\"v-btn__content\\" data-no-activator=\\"\\"><i class=\\"mdi-pencil mdi v-icon notranslate v-theme--light v-icon--size-default\\" aria-hidden=\\"true\\"></i></span>
          <!---->
          <!---->
        </button>
      </div>
    </div>
    <!---->
    <!----><span class=\\"v-card__underlay\\"></span>
  </div>
</div>"
`;
