// Vitest Snapshot v1, https://vitest.dev/guide/snapshot.html

exports[`Card > renders correctly 1`] = `
"<div data-v-f39f1573=\\"\\">
  <div data-v-f39f1573=\\"\\" class=\\"v-card v-theme--light v-card--density-default v-card--variant-elevated\\" id=\\"bg\\">
    <!---->
    <div class=\\"v-card__loader\\">
      <div class=\\"v-progress-linear v-theme--light\\" style=\\"top: 0px; height: 0px; --v-progress-linear-height: 2px; left: 50%; transform: translateX(-50%);\\" role=\\"progressbar\\" aria-hidden=\\"true\\" aria-valuemin=\\"0\\" aria-valuemax=\\"100\\">
        <!---->
        <div class=\\"v-progress-linear__background\\" style=\\"width: 100%;\\"></div>
        <transition-stub name=\\"fade-transition\\" appear=\\"false\\" persisted=\\"false\\" css=\\"true\\">
          <div class=\\"v-progress-linear__indeterminate\\">
            <div class=\\"v-progress-linear__indeterminate long\\"></div>
            <div class=\\"v-progress-linear__indeterminate short\\"></div>
          </div>
        </transition-stub>
        <!---->
      </div>
    </div>
    <!---->
    <!---->
    <div data-v-f39f1573=\\"\\">
      <div data-v-f39f1573=\\"\\" class=\\"v-card v-theme--light v-card--density-default v-card--variant-elevated\\" id=\\"fg\\">
        <!---->
        <div class=\\"v-card__loader\\">
          <div class=\\"v-progress-linear v-theme--light\\" style=\\"top: 0px; height: 0px; --v-progress-linear-height: 2px; left: 50%; transform: translateX(-50%);\\" role=\\"progressbar\\" aria-hidden=\\"true\\" aria-valuemin=\\"0\\" aria-valuemax=\\"100\\">
            <!---->
            <div class=\\"v-progress-linear__background\\" style=\\"width: 100%;\\"></div>
            <transition-stub name=\\"fade-transition\\" appear=\\"false\\" persisted=\\"false\\" css=\\"true\\">
              <div class=\\"v-progress-linear__indeterminate\\">
                <div class=\\"v-progress-linear__indeterminate long\\"></div>
                <div class=\\"v-progress-linear__indeterminate short\\"></div>
              </div>
            </transition-stub>
            <!---->
          </div>
        </div>
        <!---->
        <!---->Default<div data-v-f39f1573=\\"\\" class=\\"flex-horizontal\\">
          <div data-v-19720537=\\"\\" data-v-f39f1573=\\"\\" class=\\"flex-vertical justify-space-between\\">
            <div data-v-19720537=\\"\\" class=\\"flex-horizontal\\"><i data-v-19720537=\\"\\" class=\\"mdi-brain mdi v-icon notranslate v-theme--light v-icon--size-default\\" aria-hidden=\\"true\\" id=\\"i-mental\\"></i>1 mental EP </div>
            <div data-v-19720537=\\"\\" class=\\"flex-horizontal\\"><i data-v-19720537=\\"\\" class=\\"mdi-account-hard-hat mdi v-icon notranslate v-theme--light v-icon--size-default\\" aria-hidden=\\"true\\" id=\\"i-physical\\"></i>21 physical EP </div>
            <div data-v-19720537=\\"\\" class=\\"flex-horizontal\\"><i data-v-19720537=\\"\\" class=\\"mdi-timer mdi v-icon notranslate v-theme--light v-icon--size-default\\" aria-hidden=\\"true\\" id=\\"i-time\\"></i>16m</div>
          </div>Card effort controls go here
        </div>
        <!---->
        <!----><span class=\\"v-card__underlay\\"></span>
      </div>
    </div>
    <div data-v-f39f1573=\\"\\" id=\\"actions\\" class=\\"padded-s\\"><span data-v-f39f1573=\\"\\" class=\\"v-chip v-theme--light v-chip--density-compact v-chip--size-default v-chip--variant-tonal\\" draggable=\\"false\\"><!----><span class=\\"v-chip__underlay\\"></span>
      <!---->
      <!---->id
      <!---->
      <!----></span>Actions go here
    </div>
    <!---->
    <!----><span class=\\"v-card__underlay\\"></span>
  </div>
</div>"
`;
